2022/09/13 12:51:27 log
